Godot Engine v4.6.3.stable.official.7d41c59c4 - https://godotengine.org
TextServer: Added interface "Dummy"
TextServer: Added interface "ICU / HarfBuzz / Graphite (Built-in)"
Unrecognized output string "misc2" in mapping:
030000008a2e0000dd10000000000000,Hand Held Legend GC Ultimate,a:b0,b:b2,back:b17,dpdown:b5,dpleft:b6,dpright:b7,dpup:b4,guide:b18,leftshoulder:b10,leftstick:b8,lefttrigger:a3,leftx:a0,lefty:a1,misc1:b19,misc2:b24,paddle1:b13,paddle2:b12,rightshoulder:b11,rightstick:b9,righttrigger:a4,rightx:a2,righty:a5,start:b16,x:b1,y:b3,platform:Windows,
Unrecognized output string "misc2" in mapping:
030000000d0f00000202000000000000,Horipad O Nintendo Switch 2 Controller,a:b1,b:b0,back:b8,dpdown:h0.4,dpleft:h0.8,dpright:h0.2,dpup:h0.1,guide:b12,leftshoulder:b4,leftstick:b10,lefttrigger:b6,leftx:a0,lefty:a1,misc1:b13,misc2:b14,rightshoulder:b5,rightstick:b11,righttrigger:b7,rightx:a2,righty:a3,start:b9,x:b3,y:b2,platform:Windows,
Unrecognized output string "misc2" in mapping:
030000000d0f00009601000000000000,Horipad Steam,a:b0,b:b1,back:b10,dpdown:h0.4,dpleft:h0.8,dpright:h0.2,dpup:h0.1,guide:b12,leftshoulder:b6,leftstick:b13,lefttrigger:b8,leftx:a0,lefty:a1,misc2:b2,paddle1:b5,paddle2:b15,paddle3:b18,paddle4:b19,rightshoulder:b7,rightstick:b14,righttrigger:b9,rightx:a3,righty:a4,start:b11,x:b3,y:b4,platform:Windows,
Unrecognized output string "misc2" in mapping:
030000007e0500006920000000000000,Nintendo Switch 2 Pro Controller,a:b0,b:b1,back:b14,dpdown:b8,dpleft:b10,dpright:b9,dpup:b11,guide:b16,leftshoulder:b12,leftstick:b15,lefttrigger:b13,leftx:a0,lefty:a1~,misc1:b17,misc2:b20,paddle1:b18,paddle2:b19,rightshoulder:b4,rightstick:b7,righttrigger:b5,rightx:a2,righty:a3~,start:b6,x:b2,y:b3,platform:Windows,
Native OpenGL API detected: 3.3: NVIDIA - NVIDIA GeForce RTX 3070 Laptop GPU
NVAPI: Init OK!
NVAPI: Disabled OpenGL threaded optimization successfully
NVAPI: Disabled G-SYNC for windowed mode successfully
Accessibility: window 0 adapter created.
SDL: Init OK!
Using "winink" pen tablet driver...
ERROR: Can't create shader cache folder, no shader caching will happen: user://
   at: RasterizerGLES3 (drivers/gles3/rasterizer_gles3.cpp:335)
OpenGL API 3.3.0 NVIDIA 596.21 - Compatibility - Using Device: NVIDIA - NVIDIA GeForce RTX 3070 Laptop GPU
WASAPI: Activated output_device using IAudioClient3 interface
WASAPI: wFormatTag = 65534
WASAPI: nChannels = 2
WASAPI: nSamplesPerSec = 48000
WASAPI: nAvgBytesPerSec = 384000
WASAPI: nBlockAlign = 8
WASAPI: wBitsPerSample = 32
WASAPI: cbSize = 22
WASAPI: mix_rate = 48000
WASAPI: fundamental_period_frames = 480
WASAPI: min_period_frames = 480
WASAPI: max_period_frames = 480
WASAPI: selected a period frame size of 480
WASAPI: detected 2 channels
WASAPI: audio buffer frames: 480 calculated latency: 10ms

TextServer: Primary interface set to: "ICU / HarfBuzz / Graphite (Built-in)".
CORE API HASH: 2475187701
EDITOR API HASH: 3867286884
SceneTreeFTI: traversal method DEFAULT
ERROR: Failed to read the root certificate store.
   at: get_system_ca_certificates (platform/windows/os_windows.cpp:2570)
Loaded builtin CA certificates
Loading resource: res://world-expansion-v3/actors/alternatives/roach-six/roach_six_qa.tscn
Loading resource: res://world-expansion-v3/actors/alternatives/roach-six/roach_six_qa.gd
Loading resource: res://scripts/territory_wind.gdshader
Loading resource: res://scripts/territory_sky.gdshader
Loading resource: res://assets/icons/potion_large.svg
Loading resource: res://.godot/imported/potion_large.svg-f410b205e6021cba1cee12ffa8fc5d52.ctex
Loading resource: res://assets/icons/haste.svg
Loading resource: res://.godot/imported/haste.svg-25145bce45727f09a163302c0b086228.ctex
Loading resource: res://ui/titan/plate.svg
Loading resource: res://.godot/imported/plate.svg-39fd0c5c43106122b482bb6e8feb4d75.ctex
Loading resource: res://ui/titan/button.svg
Loading resource: res://.godot/imported/button.svg-8dad3e78aa924697161d02702e01d3d9.ctex
Loading resource: res://ui/titan/toggle-on.svg
Loading resource: res://.godot/imported/toggle-on.svg-de360196ee2bb4d57e28718bd5b53d1c.ctex
Loading resource: res://ui/titan/toggle-off.svg
Loading resource: res://.godot/imported/toggle-off.svg-b3ee81275a9c753add918115efe4a394.ctex
Loading resource: res://scripts/polish_sky.gdshader
Loading resource: res://world-expansion-v3/actors/alternatives/roach-six/V3RoachSixLeg.glb
Loading resource: res://.godot/imported/V3RoachSixLeg.glb-c13fc7e56399e55cab98aae3213816f7.scn
Loading resource: res://world-expansion-v3/actors/alternatives/roach-six/V3RoachSixLeg_Roach.png
Loading resource: res://.godot/imported/V3RoachSixLeg_Roach.png-13924220612061ebd7e85dbd24a81ad2.ctex
Loading resource: res://world-expansion-v3/actors/alternatives/roach-six/V3RoachSixLeg_RoachNormal.png
Loading resource: res://.godot/imported/V3RoachSixLeg_RoachNormal.png-c9fa6c978f9e0f17626c6804c10b4bab.ctex
P2_NATIVE_QA_RESULT {"models":1,"native_render":true,"ok":true}
